// Jest Snapshot v1, https://goo.gl/fbAQLP

exports[`Header renders correctly 1`] = `
<header
  className="component-header"
>
  <h1>
    Flight search
  </h1>
</header>
`;
