// Jest Snapshot v1, https://goo.gl/fbAQLP

exports[`SearchResultList renders correctly 1`] = `
<div
  className="component-search-result-list"
>
  <SearchResultRow
    from="Amsterdam (AMS)"
    key="1"
    price="â‚¬ 30,00"
    to="London (STD)"
  />
</div>
`;
