// Jest Snapshot v1, https://goo.gl/fbAQLP

exports[`SearchInput renders correctly 1`] = `
<div
  className="component-search-input"
>
  <div>
    <input
      className="search-input"
      onChange={[Function]}
    />
  </div>
</div>
`;
